mq_open\("strace-mq.test", O_RDONLY\|O_CREAT, 0700, NULL\) += 0
mq_getsetattr\(0, NULL, \{mq_flags=0, mq_maxmsg=[1-9][0-9]*, mq_msgsize=[1-9][0-9]*, mq_curmsgs=0\}\) += 0
mq_getsetattr\(0, \{mq_flags=0, mq_maxmsg=[1-9][0-9]*, mq_msgsize=[1-9][0-9]*, mq_curmsgs=0\}, NULL\) += 0
mq_unlink\("strace-mq.test"\) += 0
